
> aec-web@0.0.1 build
> astro build

[2m20:05:41[22m [34m[types][39m Generated [2m44ms[22m
[2m20:05:41[22m [34m[build][39m output: [34m"static"[39m
[2m20:05:41[22m [34m[build][39m mode: [34m"static"[39m
[2m20:05:41[22m [34m[build][39m directory: [34mD:\aec2\aec-web\dist\[39m
[2m20:05:41[22m [34m[build][39m Collecting build info...
[2m20:05:41[22m [34m[build][39m [32mΓ£ô Completed in 58ms.[39m
[2m20:05:41[22m [34m[build][39m Building static entrypoints...
[33m[1m20:05:42[22m [WARN] [vite][39m [33m"matchHostname", "matchPathname", "matchPort" and "matchProtocol" are imported from external module "@astrojs/internal-helpers/remote" but never used in "node_modules/astro/dist/assets/utils/index.js".[39m
[2m20:05:42[22m [34m[vite][39m [32mΓ£ô built in 1.15s[39m
[2m20:05:42[22m [34m[vite][39m [32mΓ£ô built in 24ms[39m
[2m20:05:42[22m [34m[build][39m Rearranging server assets...

[42m[30m generating static routes [39m[49m
node.exe : [31m[1m20:05:43[22m [ERROR][39m 
TypeError: Cannot read properties of undefined (reading 
'map')
En C:\Program Files\nodejs\npm.ps1: 29 Carácter: 3
+   & $NODE_EXE $NPM_CLI_JS $args
+   ~~~~~~~~~~~~~~~~~~~~~~~~~~~~~
    + CategoryInfo          : NotSpecified: ([31m[1m2 
   0:05:...(reading 'map'):String) [], RemoteException
    + FullyQualifiedErrorId : NativeCommandError
 
    at Object.default (file:///D:/aec2/aec-web/dist/.pre
render/chunks/_slug__DGaNX9xD.mjs:19:1093)
    at new AstroComponentInstance (file:///D:/aec2/aec-w
eb/dist/.prerender/chunks/prerender_A4El1Qu5.mjs:3985:30
)
    at createAstroComponentInstance (file:///D:/aec2/aec
-web/dist/.prerender/chunks/prerender_A4El1Qu5.mjs:4037:
20)
    at renderAstroComponent (file:///D:/aec2/aec-web/dis
t/.prerender/chunks/prerender_A4El1Qu5.mjs:4634:20)
    at renderComponent (file:///D:/aec2/aec-web/dist/.pr
erender/chunks/prerender_A4El1Qu5.mjs:4655:12)
    at file:///D:/aec2/aec-web/dist/.prerender/chunks/_s
lug__DGaNX9xD.mjs:19:27
    at process.processTicksAndRejections 
(node:internal/process/task_queues:105:5)
    at async callComponentAsTemplateResultOrResponse (fi
le:///D:/aec2/aec-web/dist/.prerender/chunks/prerender_A
4El1Qu5.mjs:4129:25)
    at async renderToString (file:///D:/aec2/aec-web/dis
t/.prerender/chunks/prerender_A4El1Qu5.mjs:4047:26)
    at async renderPage (file:///D:/aec2/aec-web/dist/.p
rerender/chunks/prerender_A4El1Qu5.mjs:5341:12)
[31m[1m20:05:43[22m [ERROR] [build][39m Caught 
error rendering /bundle/bundle-revit: TypeError: Cannot 
read properties of undefined (reading 'map')
Cannot read properties of undefined (reading 'map')
  [1mStack trace:[22m
[2m    at Object.default (file:///D:/aec2/aec-web/dist/
.prerender/chunks/_slug__DGaNX9xD.mjs:19:1093)
    at createAstroComponentInstance (file:///D:/aec2/aec
-web/dist/.prerender/chunks/prerender_A4El1Qu5.mjs:4037:
20)
    at renderComponent (file:///D:/aec2/aec-web/dist/.pr
erender/chunks/prerender_A4El1Qu5.mjs:4655:12)
    at process.processTicksAndRejections 
(node:internal/process/task_queues:105:5)
    at async renderToString (file:///D:/aec2/aec-web/dis
t/.prerender/chunks/prerender_A4El1Qu5.mjs:4047:26)[22m
[2m20:05:43[22m   [34mΓö£ΓöÇ[39m [2m/bundle/bundle-revit/index.html[22m
